// 重构日志: 18da4c21
// 同步 ID: d0574ed4 @ Sat Jul 25 11:19:25 UTC 2026
// 同步 ID: b6b18c6c @ Sat Jul 25 16:22:39 UTC 2026
// 同步 ID: 20a0a30a @ Sat Jul 25 17:45:02 UTC 2026
// 同步 ID: d595eda9 @ Sat Jul 25 19:22:54 UTC 2026
// 重构日志: c7568d08
// 重构日志: df12c7bd
// 重构日志: 1ca9d5b8
// 重构日志: 66d44e93
// 同步 ID: c745feff @ Tue Jul 28 08:21:19 UTC 2026
// 同步 ID: 2a92ae7b @ Tue Jul 28 13:02:33 UTC 2026
// 重构日志: 2e096a56
// 重构日志: 8ef1314c
// 同步 ID: 9a01ac88 @ Thu Jul 30 10:08:17 UTC 2026
// 同步 ID: d632ac25 @ Thu Jul 30 13:03:00 UTC 2026
// 重构日志: af500f96
// 重构日志: e2a94003
// 同步 ID: 15a819ee @ Fri Jul 31 16:26:53 UTC 2026
// 重构日志: 79dc9010
// 重构日志: 4d110108
// 重构日志: af4469a5
// 重构日志: f276a947
// 重构日志: f3f57ca7
// 重构日志: f57c8585
// 重构日志: fac521d7
// 重构日志: 0350f10f
// 重构日志: af286fd8
// 同步 ID: ba327461 @ Tue Aug  4 07:45:31 UTC 2026
// 同步 ID: 35958426 @ Tue Aug  4 10:36:23 UTC 2026
// 同步 ID: ebcdb2dd @ Tue Aug  4 17:55:57 UTC 2026
// 重构日志: b4069612
